src/app/api/auth.ts(2,1): error TS6133: 'fetchWithFallback' is declared but its value is never read.
src/app/components/ui/calendar.tsx(63,9): error TS2353: Object literal may only specify known properties, and 'IconLeft' does not exist in type 'Partial<CustomComponents>'.
src/app/components/ui/calendar.tsx(63,22): error TS7031: Binding element 'className' implicitly has an 'any' type.
src/app/components/ui/calendar.tsx(66,23): error TS7031: Binding element 'className' implicitly has an 'any' type.
src/app/components/ui/resizable.tsx(12,51): error TS2339: Property 'PanelGroup' does not exist on type 'typeof import("D:/TFS/frontend/node_modules/react-resizable-panels/dist/react-resizable-panels")'.
src/app/components/ui/resizable.tsx(14,25): error TS2339: Property 'PanelGroup' does not exist on type 'typeof import("D:/TFS/frontend/node_modules/react-resizable-panels/dist/react-resizable-panels")'.
src/app/components/ui/resizable.tsx(35,51): error TS2339: Property 'PanelResizeHandle' does not exist on type 'typeof import("D:/TFS/frontend/node_modules/react-resizable-panels/dist/react-resizable-panels")'.
src/app/components/ui/resizable.tsx(39,25): error TS2339: Property 'PanelResizeHandle' does not exist on type 'typeof import("D:/TFS/frontend/node_modules/react-resizable-panels/dist/react-resizable-panels")'.
src/app/components/ui/resizable.tsx(52,26): error TS2339: Property 'PanelResizeHandle' does not exist on type 'typeof import("D:/TFS/frontend/node_modules/react-resizable-panels/dist/react-resizable-panels")'.
